Copyright 1986-2022 Xilinx, Inc. All Rights Reserved. Copyright 2022-2025 Advanced Micro Devices, Inc. All Rights Reserved.
---------------------------------------------------------------------------------------------------------------------------------------------------
| Tool Version : Vivado v.2025.2 (win64) Build 6299465 Fri Nov 14 19:35:11 GMT 2025
| Date         : Tue Jul 28 23:00:50 2026
| Host         : MM的ThinkBook16p running 64-bit major release  (build 9200)
| Command      : report_utilization -hierarchical -hierarchical_depth 4 -file D:/NSCSCC2026/WeBattle-Core/reports/WB-N1/synth/utilization_hier.rpt
| Design       : core_top
| Device       : xc7a200tfbg676-2
| Speed File   : -2
| Design State : Synthesized
---------------------------------------------------------------------------------------------------------------------------------------------------

Utilization Design Information

Table of Contents
-----------------
1. Utilization by Hierarchy

1. Utilization by Hierarchy
---------------------------

+------------------------------------------+-----------------------+------------+------------+---------+------+-------+--------+--------+------------+
|                 Instance                 |         Module        | Total LUTs | Logic LUTs | LUTRAMs | SRLs |  FFs  | RAMB36 | RAMB18 | DSP Blocks |
+------------------------------------------+-----------------------+------------+------------+---------+------+-------+--------+--------+------------+
| core_top                                 |                 (top) |      50613 |      50264 |     320 |   29 | 17359 |     26 |      5 |          4 |
|   (core_top)                             |                 (top) |          0 |          0 |       0 |    0 |     0 |      0 |      0 |          0 |
|   u_wb                                   |            wb_raw_top |      50613 |      50264 |     320 |   29 | 17359 |     26 |      5 |          4 |
|     defaultClockArea_cpu                 |             MyCPUCore |      50393 |      50044 |     320 |   29 | 17223 |     24 |      4 |          4 |
|       (defaultClockArea_cpu)             |             MyCPUCore |      34215 |      34186 |       0 |   29 | 15421 |      0 |      0 |          0 |
|       (DCachePlugin_dataRAMs_0)          |              SDPRAM_3 |         99 |         99 |       0 |    0 |     0 |      0 |      0 |          0 |
|       (DCachePlugin_dataRAMs_1)          |            SDPRAM_3_0 |        276 |        276 |       0 |    0 |     0 |      0 |      0 |          0 |
|       (DCachePlugin_infoRAM)             |              SDPRAM_2 |         58 |         58 |       0 |    0 |     0 |      0 |      0 |          0 |
|       (ICachePlugin_dataRAMs_0)          |                SDPRAM |        529 |        529 |       0 |    0 |     0 |      0 |      0 |          0 |
|       (ICachePlugin_dataRAMs_1)          |              SDPRAM_1 |        529 |        529 |       0 |    0 |     0 |      0 |      0 |          0 |
|       DCachePlugin_dirtyBitsManager      |      DirtyBitsManager |        184 |        184 |       0 |    0 |   128 |      0 |      0 |          0 |
|       FetchBufferPlugin_bufferFIFO       |                unamed |       2410 |       2410 |       0 |    0 |   926 |      0 |      0 |          0 |
|       GlobalPredictorBTBPlugin_btb       |       ReorderCacheRAM |        294 |        294 |       0 |    0 |     0 |      4 |      0 |          0 |
|         (rams_2)                         |           SDPRAM_6_10 |        135 |        135 |       0 |    0 |     0 |      0 |      0 |          0 |
|         (rams_3)                         |           SDPRAM_6_11 |         75 |         75 |       0 |    0 |     0 |      0 |      0 |          0 |
|       GlobalPredictorBTBPlugin_predictor |  CorrelatingPredictor |         73 |         73 |       0 |    0 |    10 |      0 |      4 |          0 |
|         pht                              |     ReorderCacheRAM_1 |         73 |         73 |       0 |    0 |     5 |      0 |      4 |          0 |
|       ROBFIFOPlugin_robInfo              |              unamed_2 |       9922 |       9602 |     320 |    0 |   374 |      0 |      0 |          0 |
|         (ROBFIFOPlugin_robInfo)          |              unamed_2 |        783 |        783 |       0 |    0 |    21 |      0 |      0 |          0 |
|         ram                              | ReorderCacheRAMOutReg |       9139 |       8819 |     320 |    0 |   353 |      0 |      0 |          0 |
|       RenamePlugin_freeList              |              unamed_1 |       1122 |       1122 |       0 |    0 |   221 |      0 |      0 |          0 |
|       unsignedDivider_2                  |       UnsignedDivider |        528 |        528 |       0 |    0 |    71 |      0 |      0 |          0 |
|     defaultClockArea_axiBuffer           |             AxiBuffer |        197 |        197 |       0 |    0 |   127 |      2 |      1 |          0 |
|       (defaultClockArea_axiBuffer)       |             AxiBuffer |        158 |        158 |       0 |    0 |    79 |      0 |      0 |          0 |
+------------------------------------------+-----------------------+------------+------------+---------+------+-------+--------+--------+------------+


