Copyright 1986-2022 Xilinx, Inc. All Rights Reserved. Copyright 2022-2025 Advanced Micro Devices, Inc. All Rights Reserved.
-------------------------------------------------------------------------------------------------------------------------------------------------------------------
| Tool Version : Vivado v.2025.2 (win64) Build 6299465 Fri Nov 14 19:35:11 GMT 2025
| Date         : Wed Jul 29 23:29:51 2026
| Host         : MM的ThinkBook16p running 64-bit major release  (build 9200)
| Command      : report_utilization -hierarchical -hierarchical_depth 4 -file D:/NSCSCC2026/WeBattle-Core/reports/WB-N6B/implementation/utilization_hier_synth.rpt
| Design       : core_top
| Device       : xc7a200tfbg676-2
| Speed File   : -2
| Design State : Synthesized
-------------------------------------------------------------------------------------------------------------------------------------------------------------------

Utilization Design Information

Table of Contents
-----------------
1. Utilization by Hierarchy

1. Utilization by Hierarchy
---------------------------

+------------------------------------------+-----------------------+------------+------------+---------+------+-------+--------+--------+------------+
|                 Instance                 |         Module        | Total LUTs | Logic LUTs | LUTRAMs | SRLs |  FFs  | RAMB36 | RAMB18 | DSP Blocks |
+------------------------------------------+-----------------------+------------+------------+---------+------+-------+--------+--------+------------+
| core_top                                 |                 (top) |      47547 |      47197 |     320 |   30 | 16995 |     26 |      9 |          4 |
|   (core_top)                             |                 (top) |          0 |          0 |       0 |    0 |     0 |      0 |      0 |          0 |
|   u_wb                                   |            wb_raw_top |      47547 |      47197 |     320 |   30 | 16995 |     26 |      9 |          4 |
|     defaultClockArea_cpu                 |             MyCPUCore |      47330 |      46980 |     320 |   30 | 16859 |     24 |      8 |          4 |
|       (defaultClockArea_cpu)             |             MyCPUCore |      30925 |      30895 |       0 |   30 | 15051 |      0 |      0 |          0 |
|       (DCachePlugin_dataRAMs_0)          |              SDPRAM_3 |        142 |        142 |       0 |    0 |     0 |      0 |      0 |          0 |
|       (DCachePlugin_dataRAMs_1)          |            SDPRAM_3_0 |        214 |        214 |       0 |    0 |     0 |      0 |      0 |          0 |
|       (DCachePlugin_infoRAM)             |              SDPRAM_2 |         72 |         72 |       0 |    0 |     0 |      0 |      0 |          0 |
|       (ICachePlugin_dataRAMs_0)          |                SDPRAM |        529 |        529 |       0 |    0 |     0 |      0 |      0 |          0 |
|       (ICachePlugin_dataRAMs_1)          |              SDPRAM_1 |        529 |        529 |       0 |    0 |     0 |      0 |      0 |          0 |
|       (ICachePlugin_infoRAM)             |            SDPRAM_2_2 |         55 |         55 |       0 |    0 |     0 |      0 |      0 |          0 |
|       DCachePlugin_dirtyBitsManager      |      DirtyBitsManager |        188 |        188 |       0 |    0 |   128 |      0 |      0 |          0 |
|       GlobalPredictorBTBPlugin_btb       |       ReorderCacheRAM |        248 |        248 |       0 |    0 |     0 |      4 |      0 |          0 |
|         (rams_0)                         |              SDPRAM_6 |         61 |         61 |       0 |    0 |     0 |      0 |      0 |          0 |
|         (rams_1)                         |           SDPRAM_6_12 |         62 |         62 |       0 |    0 |     0 |      0 |      0 |          0 |
|         (rams_2)                         |           SDPRAM_6_13 |         60 |         60 |       0 |    0 |     0 |      0 |      0 |          0 |
|         (rams_3)                         |           SDPRAM_6_14 |         61 |         61 |       0 |    0 |     0 |      0 |      0 |          0 |
|       GlobalPredictorBTBPlugin_predictor |  CorrelatingPredictor |        140 |        140 |       0 |    0 |    10 |      0 |      8 |          0 |
|         tournamentPht                    |     ReorderCacheRAM_2 |        103 |        103 |       0 |    0 |     5 |      0 |      4 |          0 |
|       ROBFIFOPlugin_robInfo              |              unamed_1 |       9876 |       9556 |     320 |    0 |   369 |      0 |      0 |          0 |
|         (ROBFIFOPlugin_robInfo)          |              unamed_1 |        720 |        720 |       0 |    0 |    11 |      0 |      0 |          0 |
|         ram                              | ReorderCacheRAMOutReg |       9156 |       8836 |     320 |    0 |   358 |      0 |      0 |          0 |
|       RenamePlugin_freeList              |                unamed |       1196 |       1196 |       0 |    0 |   221 |      0 |      0 |          0 |
|       unsignedDivider_2                  |       UnsignedDivider |        613 |        613 |       0 |    0 |    71 |      0 |      0 |          0 |
|       weBattleFetchQueue_1               |    WeBattleFetchQueue |       2497 |       2497 |       0 |    0 |   937 |      0 |      0 |          0 |
|     defaultClockArea_axiBuffer           |             AxiBuffer |        197 |        197 |       0 |    0 |   127 |      2 |      1 |          0 |
|       (defaultClockArea_axiBuffer)       |             AxiBuffer |        158 |        158 |       0 |    0 |    79 |      0 |      0 |          0 |
+------------------------------------------+-----------------------+------------+------------+---------+------+-------+--------+--------+------------+


